{
    "Should execute GWAS with range filter": {
        "content": [
            "Y1.regenie.gz:md5,3b46e913e302d59a27c87f989384a689",
            "Y2.regenie.gz:md5,ec530d48c4c76056d06e5735bca4e5cd",
            {
                "tasksFailed": 0,
                "tasksCount": 15,
                "tasksSucceeded": 15
            }
        ],
        "timestamp": "2023-12-14T17:03:22.52629"
    },
    "Should fail(?) because no significant hit was found": {
        "content": [
            "Y1.regenie.gz:md5,f80dee2e3a0f824408cfa0bf963f4a2d",
            {
                "tasksFailed": 0,
                "tasksCount": 14,
                "tasksSucceeded": 14
            }
        ],
        "timestamp": "2023-12-15T11:12:53.355508"
    },
    "Should execute GWAS with phenotype file in tabs format": {
        "content": [
            "Y1.regenie.gz:md5,3b46e913e302d59a27c87f989384a689",
            "Y2.regenie.gz:md5,ec530d48c4c76056d06e5735bca4e5cd",
            {
                "tasksFailed": 0,
                "tasksCount": 15,
                "tasksSucceeded": 15
            }
        ],
        "timestamp": "2023-12-14T17:02:25.833032"
    },
    "Should execute GWAS with binary trait (with missing data)": {
        "content": [
            "Y1.regenie.gz:md5,a02e75e69b48c80606de1eb5af1e6fc4",
            "Y2.regenie.gz:md5,a575744e2c16402456bef561ddc9de03",
            {
                "tasksFailed": 0,
                "tasksCount": 14,
                "tasksSucceeded": 14
            }
        ],
        "timestamp": "2023-12-14T16:42:46.245326"
    },
    "Should execute GWAS with liftover to hg38 and annotation": {
        "content": [
            "Y1.regenie.gz:md5,4f021e277479433fa1226c616fcb092d",
            "Y2.regenie.gz:md5,931914d45092d1fc613971626478991a",
            {
                "tasksFailed": 0,
                "tasksCount": 15,
                "tasksSucceeded": 15
            }
        ],
        "timestamp": "2023-12-14T16:48:11.2585"
    },
    "Should execute GWAS with custom Manhattan plot y-limit": {
        "content": [
            "Y1.regenie.gz:md5,3b46e913e302d59a27c87f989384a689",
            "Y2.regenie.gz:md5,ec530d48c4c76056d06e5735bca4e5cd",
            {
                "tasksFailed": 0,
                "tasksCount": 15,
                "tasksSucceeded": 15
            }
        ],
        "timestamp": "2023-12-14T17:01:57.60339"
    },
    "Should execute pipeline for binary trait with optional regenie step1 param": {
        "content": [
            "Y1.regenie.gz:md5,f80dee2e3a0f824408cfa0bf963f4a2d",
            "Y2.regenie.gz:md5,a575744e2c16402456bef561ddc9de03",
            {
                "tasksFailed": 0,
                "tasksCount": 14,
                "tasksSucceeded": 14
            }
        ],
        "timestamp": "2023-12-14T17:05:12.14642"
    },
    "Should execute gene-based test pipeline with specified parameters with sum": {
        "content": [
            "Y1.regenie.gz:md5,61a5f115619d3ee3c14a34a63e1fe73b",
            "Y2.regenie.gz:md5,2147a19cedaf7f52f48bd198a30fb8f6",
            {
                "tasksFailed": 0,
                "tasksCount": 12,
                "tasksSucceeded": 12
            }
        ],
        "timestamp": "2024-01-30T13:03:21.803945401"
    },
    "Should execute GWAS with skipped predictions": {
        "content": [
            "Y1.regenie.gz:md5,3b46e913e302d59a27c87f989384a689",
            "Y2.regenie.gz:md5,ec530d48c4c76056d06e5735bca4e5cd",
            {
                "tasksFailed": 0,
                "tasksCount": 12,
                "tasksSucceeded": 12
            }
        ],
        "timestamp": "2023-12-14T17:04:16.854487"
    },
    "Should execute liftover and GWAS pipeline": {
        "content": [
            "Y1.regenie.gz:md5,2819b6b773587f7f88028281a29bd1a4",
            "Y2.regenie.gz:md5,21064b3673e4ceb90aa777f2f487652a",
            {
                "tasksFailed": 0,
                "tasksCount": 15,
                "tasksSucceeded": 15
            }
        ],
        "timestamp": "2023-12-14T16:40:00.93939"
    },
    "Should execute GWAS with header in phenotype file with chunking": {
        "content": [
            "PHENO1.regenie.gz:md5,c03c47e1d4300277f2a445afc14c6d1e",
            "PHENO2.regenie.gz:md5,3b600580a44b792462720d7e7c734ccc",
            {
                "tasksFailed": 0,
                "tasksCount": 34,
                "tasksSucceeded": 34
            }
        ],
        "timestamp": "2023-12-14T16:56:14.80547"
    },
    "Should execute GWAS with force step 1": {
        "content": [
            "Y1.regenie.gz:md5,3b46e913e302d59a27c87f989384a689",
            "Y2.regenie.gz:md5,ec530d48c4c76056d06e5735bca4e5cd",
            {
                "tasksFailed": 0,
                "tasksCount": 15,
                "tasksSucceeded": 15
            }
        ],
        "timestamp": "2023-12-14T16:47:14.573846"
    },
    "Should execute GWAS with additive test and multiple chromosomes": {
        "content": [
            "Y1.regenie.gz:md5,b7f4ae50c67e04dfac7ee2e2f986c7a6",
            "Y2.regenie.gz:md5,4051511e1e7d94656b979ad4cb2ca878",
            {
                "tasksFailed": 0,
                "tasksCount": 18,
                "tasksSucceeded": 18
            }
        ],
        "timestamp": "2023-12-14T16:39:07.072853"
    },
    "Should execute GWAS with pruning pipeline": {
        "content": [
            "Y1.regenie.gz:md5,3b46e913e302d59a27c87f989384a689",
            "Y2.regenie.gz:md5,ec530d48c4c76056d06e5735bca4e5cd",
            {
                "tasksFailed": 0,
                "tasksCount": 16,
                "tasksSucceeded": 16
            }
        ],
        "timestamp": "2023-12-14T16:31:33.574586"
    },
    "Should execute GWAS with binary trait (no Firth approximation)": {
        "content": [
            "Y1.regenie.gz:md5,4304808157588788584a9aec460d10e8",
            "Y2.regenie.gz:md5,a11b71f4b1650d7f202156ff09460751",
            {
                "tasksFailed": 0,
                "tasksCount": 14,
                "tasksSucceeded": 14
            }
        ],
        "timestamp": "2023-12-14T16:41:52.068742"
    },
    "Should execute GWAS with additive testig with no significant hits": {
        "content": [
            "Y1.regenie.filtered.gz:md5,d41d8cd98f00b204e9800998ecf8427e",
            "Y2.regenie.filtered.gz:md5,d41d8cd98f00b204e9800998ecf8427e",
            {
                "tasksFailed": 0,
                "tasksCount": 14,
                "tasksSucceeded": 14
            }
        ],
        "timestamp": "2023-12-15T11:19:19.183957"
    },
    "Should execute GWAS with header in phenotype file (custom batch size)": {
        "content": [
            "PHENO1.regenie.gz:md5,c03c47e1d4300277f2a445afc14c6d1e",
            "PHENO2.regenie.gz:md5,3b600580a44b792462720d7e7c734ccc",
            {
                "tasksFailed": 0,
                "tasksCount": 40,
                "tasksSucceeded": 40
            }
        ],
        "timestamp": "2023-12-15T09:39:33.247657"
    },
    "Should GWAS with chunking and optional step 1 param": {
        "content": [
            {
                "directory": false,
                "file": false,
                "freeSpace": 0,
                "canonicalPath": "/data2/git/nf-gwas/.nf-test/tests/a90f6be2ec6879aff5ed5e10566d8c45/output/results/PHENO1.regenie.gz",
                "usableSpace": 0,
                "hidden": false,
                "totalSpace": 0,
                "path": "/data2/git/nf-gwas/.nf-test/tests/a90f6be2ec6879aff5ed5e10566d8c45/output/results/PHENO1.regenie.gz",
                "name": "PHENO1.regenie.gz",
                "absolute": true,
                "absolutePath": "/data2/git/nf-gwas/.nf-test/tests/a90f6be2ec6879aff5ed5e10566d8c45/output/results/PHENO1.regenie.gz",
                "parent": "/data2/git/nf-gwas/.nf-test/tests/a90f6be2ec6879aff5ed5e10566d8c45/output/results"
            },
            {
                "directory": false,
                "file": false,
                "freeSpace": 0,
                "canonicalPath": "/data2/git/nf-gwas/.nf-test/tests/a90f6be2ec6879aff5ed5e10566d8c45/output/results/PHENO2.regenie.gz",
                "usableSpace": 0,
                "hidden": false,
                "totalSpace": 0,
                "path": "/data2/git/nf-gwas/.nf-test/tests/a90f6be2ec6879aff5ed5e10566d8c45/output/results/PHENO2.regenie.gz",
                "name": "PHENO2.regenie.gz",
                "absolute": true,
                "absolutePath": "/data2/git/nf-gwas/.nf-test/tests/a90f6be2ec6879aff5ed5e10566d8c45/output/results/PHENO2.regenie.gz",
                "parent": "/data2/git/nf-gwas/.nf-test/tests/a90f6be2ec6879aff5ed5e10566d8c45/output/results"
            },
            {
                "tasksFailed": 0,
                "tasksCount": 40,
                "tasksSucceeded": 40
            }
        ],
        "timestamp": "2024-01-30T12:59:14.923268195"
    },
    "Should execute GWAS with recessive test": {
        "content": [
            "Y1.regenie.gz:md5,9c1d4d00535b1857ca5889b00d75b31f",
            "Y2.regenie.gz:md5,5837d7d1b63e28f4b7de1009f1746706",
            {
                "tasksFailed": 0,
                "tasksCount": 15,
                "tasksSucceeded": 15
            }
        ],
        "timestamp": "2023-12-14T17:03:50.532327"
    },
    "Should execute GWAS with header in phenotype file": {
        "content": [
            "PHENO1.regenie.gz:md5,c03c47e1d4300277f2a445afc14c6d1e",
            "PHENO2.regenie.gz:md5,3b600580a44b792462720d7e7c734ccc",
            {
                "tasksFailed": 0,
                "tasksCount": 14,
                "tasksSucceeded": 14
            }
        ],
        "timestamp": "2023-12-14T17:00:13.784558"
    },
    "Should execute GWAS with additive test on 2 chromosomes": {
        "content": [
            "Y1.regenie.gz:md5,a7ffbf62cc83f6991c6147759467e88c",
            "Y2.regenie.gz:md5,2b0db778a70ba177d4769819387d6ebd",
            {
                "tasksFailed": 0,
                "tasksCount": 19,
                "tasksSucceeded": 19
            }
        ],
        "timestamp": "2023-12-14T16:43:15.539844"
    },
    "Should execute GWAS with header in phenotype file (default batch size)": {
        "content": [
            "PHENO1.regenie.gz:md5,c03c47e1d4300277f2a445afc14c6d1e",
            "PHENO2.regenie.gz:md5,3b600580a44b792462720d7e7c734ccc",
            {
                "tasksFailed": 0,
                "tasksCount": 34,
                "tasksSucceeded": 34
            }
        ],
        "timestamp": "2023-12-14T16:57:23.850687"
    },
    "Should execute GWAS with additive test and RSIDs": {
        "content": [
            "Y1.regenie.gz:md5,3b46e913e302d59a27c87f989384a689",
            "Y2.regenie.gz:md5,ec530d48c4c76056d06e5735bca4e5cd",
            {
                "tasksFailed": 0,
                "tasksCount": 15,
                "tasksSucceeded": 15
            }
        ],
        "timestamp": "2023-12-14T16:40:28.618801"
    },
    "Should execute pipeline applying an additive model": {
        "content": [
            "Y1.regenie.gz:md5,3b46e913e302d59a27c87f989384a689",
            {
                "tasksFailed": 0,
                "tasksCount": 15,
                "tasksSucceeded": 15
            }
        ],
        "timestamp": "2023-12-14T13:41:14.112083"
    },
    "Should execute GWAS with phenotype file containing three empty values": {
        "content": [
            "Y1.regenie.gz:md5,3b46e913e302d59a27c87f989384a689",
            "Y2.regenie.gz:md5,d9cb8506e0819ddff02eb1122284f9f3",
            {
                "tasksFailed": 0,
                "tasksCount": 15,
                "tasksSucceeded": 15
            }
        ],
        "timestamp": "2023-12-14T17:02:54.005539"
    },
    "Should execute GWAS with dominant test": {
        "content": [
            "Y1.regenie.gz:md5,2b35ee6a9e801d5f8ffe65f5d3af6331",
            "Y2.regenie.gz:md5,ba755fe847450eeb4f6bc3c1c817d487",
            {
                "tasksFailed": 0,
                "tasksCount": 15,
                "tasksSucceeded": 15
            }
        ],
        "timestamp": "2023-12-14T16:46:46.732441"
    },
    "Should execute GWAS with interaction tests (interaction term)": {
        "content": [
            "Y1.regenie.gz:md5,b2660d7af46340c24dabdacbcbe74aa3",
            "Y2.regenie.gz:md5,f40a68f6b3fea3fd555e6f13df16ad9a",
            {
                "tasksFailed": 0,
                "tasksCount": 15,
                "tasksSucceeded": 15
            }
        ],
        "timestamp": "2023-12-14T16:48:57.716231"
    },
    "Should execute gene-based test pipeline": {
        "content": [
            "Y1.regenie.gz:md5,49b14ff362bd323798d2479258c675f9",
            "Y2.regenie.gz:md5,b59b10dd5b7261ce12b02093cd90a751",
            {
                "tasksFailed": 0,
                "tasksCount": 12,
                "tasksSucceeded": 12
            }
        ],
        "timestamp": "2024-01-30T13:04:14.539623588"
    },
    "Should execute pipeline for binary trait": {
        "content": [
            "Y1.regenie.gz:md5,f80dee2e3a0f824408cfa0bf963f4a2d",
            "Y2.regenie.gz:md5,a575744e2c16402456bef561ddc9de03",
            {
                "tasksFailed": 0,
                "tasksCount": 14,
                "tasksSucceeded": 14
            }
        ],
        "timestamp": "2023-12-14T16:41:24.903565"
    },
    "Should execute GWAS with binary trait (no Firth)": {
        "content": [
            "Y1.regenie.gz:md5,1410f4e115393d781740fa92e72c7465",
            "Y2.regenie.gz:md5,a916eac9fea50d74cb702cc0ca4c333c",
            {
                "tasksFailed": 0,
                "tasksCount": 14,
                "tasksSucceeded": 14
            }
        ],
        "timestamp": "2023-12-14T16:42:19.084491"
    },
    "Should fail since no phenotype is specified": {
        "content": [
            {
                "tasksFailed": 0,
                "tasksCount": 0,
                "tasksSucceeded": 0
            }
        ],
        "timestamp": "2023-12-15T09:46:31.396474"
    },
    "Should execute GWAS with additive testing with no significant hits": {
        "content": [
            "Y1.regenie.filtered.gz:md5,d41d8cd98f00b204e9800998ecf8427e",
            "Y2.regenie.filtered.gz:md5,d41d8cd98f00b204e9800998ecf8427e",
            {
                "tasksFailed": 0,
                "tasksCount": 14,
                "tasksSucceeded": 14
            }
        ],
        "timestamp": "2024-01-30T13:00:05.31347319"
    },
    "Should execute liftover and GWAS pipeline with array results": {
        "content": [
            "Y1.regenie.gz:md5,2819b6b773587f7f88028281a29bd1a4",
            "Y2.regenie.gz:md5,21064b3673e4ceb90aa777f2f487652a",
            {
                "tasksFailed": 0,
                "tasksCount": 15,
                "tasksSucceeded": 15
            }
        ],
        "timestamp": "2023-12-14T16:39:34.107772"
    },
    "Should execute gene-based-test with only one output file": {
        "content": [
            "Y1.regenie.gz:md5,61a5f115619d3ee3c14a34a63e1fe73b",
            {
                "tasksFailed": 0,
                "tasksCount": 10,
                "tasksSucceeded": 10
            }
        ],
        "timestamp": "2024-01-30T13:05:45.441804387"
    },
    "Should execute GWAS with deletion of missing phenotype data": {
        "content": [
            "Y1.regenie.gz:md5,3b46e913e302d59a27c87f989384a689",
            "Y2.regenie.gz:md5,ec530d48c4c76056d06e5735bca4e5cd",
            {
                "tasksFailed": 0,
                "tasksCount": 15,
                "tasksSucceeded": 15
            }
        ],
        "timestamp": "2023-12-14T16:46:18.588273"
    },
    "Should execute GWAS with interaction tests": {
        "content": [
            "Y1.regenie.gz:md5,ef589fdcd15f2d4ab6c4965838b4ed3d",
            "Y2.regenie.gz:md5,76a1e735a17b34a1eda158a2c43c8394",
            {
                "tasksFailed": 0,
                "tasksCount": 15,
                "tasksSucceeded": 15
            }
        ],
        "timestamp": "2023-12-14T16:48:34.843303"
    },
    "Should execute pipeline for binary trait with optional regenie params": {
        "content": [
            "Y1.regenie.gz:md5,f80dee2e3a0f824408cfa0bf963f4a2d",
            "Y2.regenie.gz:md5,a575744e2c16402456bef561ddc9de03",
            {
                "tasksFailed": 0,
                "tasksCount": 14,
                "tasksSucceeded": 14
            }
        ],
        "timestamp": "2023-12-14T17:04:44.409121"
    },
    "Should execute GWAS with condition file": {
        "content": [
            "Y1.regenie.gz:md5,3b31e748e8e9f6c35aa16355fe0e812b",
            "Y2.regenie.gz:md5,bf6e2d8e9f3a84ca6081aae67a5e60eb",
            {
                "tasksFailed": 0,
                "tasksCount": 16,
                "tasksSucceeded": 16
            }
        ],
        "timestamp": "2023-12-14T16:45:21.791936"
    },
    "Should execute GWAS with covariates file": {
        "content": [
            "Y1.regenie.gz:md5,173bde79ddae3655a558f178e9f00868",
            "Y2.regenie.gz:md5,fda0c676fe1b232670c066eb975b6f30",
            {
                "tasksFailed": 0,
                "tasksCount": 16,
                "tasksSucceeded": 16
            }
        ],
        "timestamp": "2023-12-14T16:45:50.402989"
    }
}